(set-logic QF_LRA)
(set-info :source | Random generated input for experimentation with large scale input |)
(set-info :smt-lib-version 2.0)
(set-info :category "industrial")
(declare-fun x0 () Real)
(assert (and (>= (* (/ 9 2) x0) (/ (- 20) 1)) (<= (* (/ 9 2) x0) (/ (- 10) 4))))
(check-sat)
(exit)
