(set-logic QF_LRA)
(set-info :source | Random generated input for experimentation with large scale input |)
(set-info :smt-lib-version 2.0)
(set-info :category "industrial")
(declare-fun x0 () Real)
(declare-fun x1 () Real)
(declare-fun x2 () Real)
(assert (and (>= (+ (* (/ 9 2) x0) (* (/ 1 1) x2)) (/ 0 1)) (<= (+ (* (/ 9 2) x0) (* (/ 1 1) x2)) (/ 10 4)) (>= (* (/ (- 9) 2) x2) (/ 30 29)) (<= (* (/ (- 9) 2) x2) (/ 10 3)) (>= (+ (* (/ (- 3) 2) x0) (* (/ 10 9) x1)) (/ 60 59)) (<= (+ (* (/ (- 3) 2) x0) (* (/ 10 9) x1)) (/ 100 3))))
(check-sat)
(exit)
